[debug] [2026-05-31T05:29:37.190Z] ----------------------------------------------------------------------
[debug] [2026-05-31T05:29:37.192Z] Command:       /opt/homebrew/Cellar/node/26.0.0/bin/node /opt/homebrew/bin/firebase deploy
[debug] [2026-05-31T05:29:37.192Z] CLI Version:   15.16.0
[debug] [2026-05-31T05:29:37.192Z] Platform:      darwin
[debug] [2026-05-31T05:29:37.192Z] Node Version:  v26.0.0
[debug] [2026-05-31T05:29:37.192Z] Time:          Sat May 30 2026 23:29:37 GMT-0600 (Central Standard Time)
[debug] [2026-05-31T05:29:37.192Z] ----------------------------------------------------------------------
[debug] 
[debug] [2026-05-31T05:29:37.974Z] > command requires scopes: ["email","openid","https://www.googleapis.com/auth/cloudplatformprojects.readonly","https://www.googleapis.com/auth/firebase","https://www.googleapis.com/auth/cloud-platform"]
[debug] [2026-05-31T05:29:37.974Z] > authorizing via signed-in user (xhce911@gmail.com)
[debug] [2026-05-31T05:29:37.974Z] [iam] checking project qr-trac-c72b3 for permissions ["datastore.indexes.create","datastore.indexes.delete","datastore.indexes.list","datastore.indexes.update","firebase.projects.get","firebasehosting.sites.update","firebaserules.releases.create","firebaserules.releases.update","firebaserules.rulesets.create"]
[debug] [2026-05-31T05:29:37.974Z] Checked if tokens are valid: false, expires at: 1780191193298
[debug] [2026-05-31T05:29:37.974Z] Checked if tokens are valid: false, expires at: 1780191193298
[debug] [2026-05-31T05:29:37.974Z] > refreshing access token with scopes: []
[debug] [2026-05-31T05:29:37.975Z] >>> [apiv2][query] POST https://www.googleapis.com/oauth2/v3/token [none]
[debug] [2026-05-31T05:29:37.975Z] >>> [apiv2][body] POST https://www.googleapis.com/oauth2/v3/token [omitted]
[debug] [2026-05-31T05:29:38.211Z] <<< [apiv2][status] POST https://www.googleapis.com/oauth2/v3/token 200
[debug] [2026-05-31T05:29:38.211Z] <<< [apiv2][body] POST https://www.googleapis.com/oauth2/v3/token [omitted]
[debug] [2026-05-31T05:29:38.221Z] >>> [apiv2][query] POST https://cloudresourcemanager.googleapis.com/v1/projects/qr-trac-c72b3:testIamPermissions [none]
[debug] [2026-05-31T05:29:38.221Z] >>> [apiv2][(partial)header] POST https://cloudresourcemanager.googleapis.com/v1/projects/qr-trac-c72b3:testIamPermissions  x-goog-user-project=qr-trac-c72b3
[debug] [2026-05-31T05:29:38.221Z] >>> [apiv2][body] POST https://cloudresourcemanager.googleapis.com/v1/projects/qr-trac-c72b3:testIamPermissions {"permissions":["datastore.indexes.create","datastore.indexes.delete","datastore.indexes.list","datastore.indexes.update","firebase.projects.get","firebasehosting.sites.update","firebaserules.releases.create","firebaserules.releases.update","firebaserules.rulesets.create"]}
[debug] [2026-05-31T05:29:38.652Z] <<< [apiv2][status] POST https://cloudresourcemanager.googleapis.com/v1/projects/qr-trac-c72b3:testIamPermissions 400
[debug] [2026-05-31T05:29:38.652Z] <<< [apiv2][body] POST https://cloudresourcemanager.googleapis.com/v1/projects/qr-trac-c72b3:testIamPermissions {"error":{"code":400,"message":"Project 'projects/qr-trac-c72b3' not found or deleted.","status":"INVALID_ARGUMENT","details":[{"@type":"type.googleapis.com/google.rpc.ErrorInfo","reason":"USER_PROJECT_DENIED","domain":"googleapis.com","metadata":{"containerInfo":"projects/qr-trac-c72b3","consumer":"projects/qr-trac-c72b3","service":"cloudresourcemanager.googleapis.com"}}]}}
[debug] [2026-05-31T05:29:38.653Z] [iam] error while checking permissions, command may fail: Request to https://cloudresourcemanager.googleapis.com/v1/projects/qr-trac-c72b3:testIamPermissions had HTTP Error: 400, Project 'projects/qr-trac-c72b3' not found or deleted.
[debug] [2026-05-31T05:29:38.654Z] Checked if tokens are valid: true, expires at: 1780208977211
[debug] [2026-05-31T05:29:38.654Z] Checked if tokens are valid: true, expires at: 1780208977211
[debug] [2026-05-31T05:29:38.654Z] >>> [apiv2][query] GET https://firebase.googleapis.com/v1beta1/projects/qr-trac-c72b3 [none]
[debug] [2026-05-31T05:29:39.115Z] <<< [apiv2][status] GET https://firebase.googleapis.com/v1beta1/projects/qr-trac-c72b3 403
[debug] [2026-05-31T05:29:39.115Z] <<< [apiv2][body] GET https://firebase.googleapis.com/v1beta1/projects/qr-trac-c72b3 {"error":{"code":403,"message":"The caller does not have permission","status":"PERMISSION_DENIED"}}
[debug] [2026-05-31T05:29:39.115Z] Request to https://firebase.googleapis.com/v1beta1/projects/qr-trac-c72b3 had HTTP Error: 403, The caller does not have permission
[debug] [2026-05-31T05:29:39.117Z] FirebaseError: Request to https://firebase.googleapis.com/v1beta1/projects/qr-trac-c72b3 had HTTP Error: 403, The caller does not have permission
    at responseToError (/opt/homebrew/lib/node_modules/firebase-tools/lib/responseToError.js:53:12)
    at RetryOperation._fn (/opt/homebrew/lib/node_modules/firebase-tools/lib/apiv2.js:333:77)
    at process.processTicksAndRejections (node:internal/process/task_queues:104:5)
[error] 
[error] Error: Failed to get Firebase project qr-trac-c72b3. Please make sure the project exists and your account has permission to access it.
